// Vitest Snapshot v1, https://vitest.dev/guide/snapshot.html

exports[`Card component > renders 'Card' component 1`] = `
<div>
  <div
    class="character-card"
  >
    <div
      class="card-name"
    >
      Test Name
    </div>
    <div
      class="card-details"
    >
      Gender: 
      Male
    </div>
    <div
      class="card-details"
    >
      Home Planet: 
      Test Planet
    </div>
  </div>
</div>
`;
