// Vitest Snapshot v1, https://vitest.dev/guide/snapshot.html

exports[`EmptyRecords component > renders 'EmptyRecords' component 1`] = `
<div>
  <div
    class="blank-page"
  >
    <div
      class="empty-record-message"
    >
      No Records found.
    </div>
  </div>
</div>
`;
