// Vitest Snapshot v1, https://vitest.dev/guide/snapshot.html

exports[`EmptyRecords component > renders 'EmptyRecords' component 1`] = `
<div>
  <div
    class="error-message"
  >
    An error has occured. Please try again later.
  </div>
</div>
`;

exports[`ErrorMessage component > renders 'ErrorMessage' component 1`] = `
<div>
  <div
    class="error-message"
  >
    An error has occured. Please try again later.
  </div>
</div>
`;
