// Vitest Snapshot v1, https://vitest.dev/guide/snapshot.html

exports[`EmptyRecords component > renders 'EmptyRecords' component 1`] = `
<div>
  <div
    class="blank-page"
  >
    <div
      class="loader"
    >
      Loading ...
    </div>
  </div>
</div>
`;

exports[`Loader component > renders 'Loader' component 1`] = `
<div>
  <div
    class="blank-page"
  >
    <div
      class="loader"
    >
      Loading ...
    </div>
  </div>
</div>
`;
