// Vitest Snapshot v1, https://vitest.dev/guide/snapshot.html

exports[`SearchBox component > renders 'SearchBox' component 1`] = `
<div>
  <input
    class="search-bar"
    placeholder="search characters"
    type="text"
    value="test search term"
  />
</div>
`;
